Clara@Clara MINGW64 ~/IH-Labs/lab-bash (master)
$ echo Hello World
Hello World

Clara@Clara MINGW64 ~/IH-Labs/lab-bash (master)
$ mkdir new_dir

Clara@Clara MINGW64 ~/IH-Labs/lab-bash (master)
$ jupyter notebook
bash: jupyter: command not found

Clara@Clara MINGW64 ~/IH-Labs/lab-bash (master)
$ rm
RMActivate.exe          RMActivate_ssp_isv.exe  RmClient.exe            rmdir.exe
RMActivate_isv.exe      RMSRoamingSecurity.dll  rm.exe                  rmttpmvscmgrsvr.exe
RMActivate_ssp.exe      RMapi.dll               rmclient.dll

Clara@Clara MINGW64 ~/IH-Labs/lab-bash (master)
$ rmdir new_dir

Clara@Clara MINGW64 ~/IH-Labs/lab-bash (master)
$ ls
exercices/  inputs/  lorem/  lorem-copy/  outputs/  readme.md

Clara@Clara MINGW64 ~/IH-Labs/lab-bash (master)
$ cd lorem

Clara@Clara MINGW64 ~/IH-Labs/lab-bash/lorem (master)
$ ls
at.txt  at.txte  lorem.txt  sed.txt

Clara@Clara MINGW64 ~/IH-Labs/lab-bash/lorem (master)
$ cp sed.txt lorem-copy

Clara@Clara MINGW64 ~/IH-Labs/lab-bash/lorem (master)
$ cd..
bash: cd..: command not found

Clara@Clara MINGW64 ~/IH-Labs/lab-bash/lorem (master)
$ cd ..

Clara@Clara MINGW64 ~/IH-Labs/lab-bash (master)
$ cd lorem-copy

Clara@Clara MINGW64 ~/IH-Labs/lab-bash/lorem-copy (master)
$ ls
dummy_file.txt

Clara@Clara MINGW64 ~/IH-Labs/lab-bash/lorem-copy (master)
$ cd ..

Clara@Clara MINGW64 ~/IH-Labs/lab-bash (master)
$ cd lorem

Clara@Clara MINGW64 ~/IH-Labs/lab-bash/lorem (master)
$ cp sed.txt lorem-copy/
cp: failed to access 'lorem-copy/': Not a directory

Clara@Clara MINGW64 ~/IH-Labs/lab-bash/lorem (master)
$ cp sed.txt
cp: missing destination file operand after 'sed.txt'
Try 'cp --help' for more information.

Clara@Clara MINGW64 ~/IH-Labs/lab-bash/lorem (master)
$ cp sed1.txt
cp: missing destination file operand after 'sed1.txt'
Try 'cp --help' for more information.

Clara@Clara MINGW64 ~/IH-Labs/lab-bash/lorem (master)
$ cp sed.txt sed1.txt

Clara@Clara MINGW64 ~/IH-Labs/lab-bash/lorem (master)
$ ls
at.txt  at.txte  lorem-copy  lorem.txt  sed.txt  sed1.txt

Clara@Clara MINGW64 ~/IH-Labs/lab-bash/lorem (master)
$ mv sed1.txt ^C

Clara@Clara MINGW64 ~/IH-Labs/lab-bash/lorem (master)
$ rm sed1.txt

Clara@Clara MINGW64 ~/IH-Labs/lab-bash/lorem (master)
$ cp sed.text ./lorem-copy
cp: cannot stat 'sed.text': No such file or directory

Clara@Clara MINGW64 ~/IH-Labs/lab-bash/lorem (master)
$ ls
at.txt  at.txte  lorem-copy  lorem.txt  sed.txt

Clara@Clara MINGW64 ~/IH-Labs/lab-bash/lorem (master)
$ cp sed.txt ../lorem-copy

Clara@Clara MINGW64 ~/IH-Labs/lab-bash/lorem (master)
$ cd ..

Clara@Clara MINGW64 ~/IH-Labs/lab-bash (master)
$ cd lorem-copy

Clara@Clara MINGW64 ~/IH-Labs/lab-bash/lorem-copy (master)
$ ls
dummy_file.txt  sed.txt

Clara@Clara MINGW64 ~/IH-Labs/lab-bash/lorem-copy (master)
$ cd ../lorem

Clara@Clara MINGW64 ~/IH-Labs/lab-bash/lorem (master)
$ cd ../lorem-copy

Clara@Clara MINGW64 ~/IH-Labs/lab-bash/lorem-copy (master)
$ ls
dummy_file.txt  sed.txt

Clara@Clara MINGW64 ~/IH-Labs/lab-bash/lorem-copy (master)
$ cd ../lorem

Clara@Clara MINGW64 ~/IH-Labs/lab-bash/lorem (master)
$ cp at.txt ../lorem-copy; lorem.txt ../lorem-copy
bash: lorem.txt: command not found

Clara@Clara MINGW64 ~/IH-Labs/lab-bash/lorem (master)
$ cp at.txt ../lorem-copy; cp lorem.txt ../lorem-copy

Clara@Clara MINGW64 ~/IH-Labs/lab-bash/lorem (master)
$ cd ../lorem-copy

Clara@Clara MINGW64 ~/IH-Labs/lab-bash/lorem-copy (master)
$ ls
at.txt  dummy_file.txt  lorem.txt  sed.txt

Clara@Clara MINGW64 ~/IH-Labs/lab-bash/lorem-copy (master)
$ cat <at.txt>
bash: syntax error near unexpected token `newline'

Clara@Clara MINGW64 ~/IH-Labs/lab-bash/lorem-copy (master)
$ cat at.txt
At vero eos ET accusamus ET iusto odio dignissimos ducimus qui blanditiis praesentium voluptatum
deleniti atque corrupti quos dolores ET quas molestias excepturi sint occaecati cupiditate non
provident, similique sunt in culpa qui officia deserunt mollitia animi, id est laborum ET dolorum fuga.
Et harum quidem rerum facilis est ET expedita distinctio.
Nam libero tempore, cum soluta nobis est eligendi optio cumque nihil impedit quo minus id quod
maxime placeat facere possimus, omnis voluptas assumenda est, omnis dolor repellendus.
Temporibus autem quibusdam ET aut officiis debitis aut rerum necessitatibus saepe eveniET
ut ET voluptates repudiandae sint ET molestiae non recusandae.
Itaque earum rerum hic tenETur a sapiente delectus, ut aut reiciendis voluptatibus maiores
alias consequatur aut perferendis doloribus asperiores repellat

Clara@Clara MINGW64 ~/IH-Labs/lab-bash/lorem-copy (master)
$ cat lorem.txt
Lorem ipsum dolor sit amet, consectetur adipiscing elit, sed do eiusmod tempor incididunt ut labore et dolore magna aliqua.
Ut enim ad minim veniam, quis nostrud exercitation ullamco laboris nisi ut aliquip ex ea commodo consequat.
Duis aute irure dolor in reprehenderit in voluptate velit esse cillum dolore eu fugiat nulla pariatur.
Excepteur sint occaecat cupidatat non proident, sunt in culpa qui officia deserunt mollit anim id est laborum.
Clara@Clara MINGW64 ~/IH-Labs/lab-bash/lorem-copy (master)
$ cat sed.txt
Sed ut perspiciatis unde omnis iste natus error sit voluptatem accusantium doloremque laudantium,
totam rem aperiam, eaque ipsa quae ab illo inventore veritatis et quasi architecto beatae vitae dicta sunt explicabo.
Nemo enim ipsam voluptatem quia voluptas sit aspernatur aut odit aut fugit,
sed quia consequuntur magni dolores eos qui ratione voluptatem sequi nesciunt.
Neque porro quisquam est, qui dolorem ipsum quia dolor sit amet, consectetur, adipisci velit,
sed quia non numquam eius modi tempora incidunt ut labore et dolore magnam aliquam quaerat voluptatem.
Ut enim ad minima veniam, quis nostrum exercitationem ullam corporis suscipit laboriosam,
nisi ut aliquid ex ea commodi consequatur? Quis autem vel eum iure reprehenderit qui in ea voluptate velit esse quam nihil molestiae consequatur,
vel illum qui dolorem eum fugiat quo voluptas nulla pariatur?Homo homini lupus

Clara@Clara MINGW64 ~/IH-Labs/lab-bash/lorem-copy (master)
$ cat at.txt; cat lorem.txt
At vero eos ET accusamus ET iusto odio dignissimos ducimus qui blanditiis praesentium voluptatum
deleniti atque corrupti quos dolores ET quas molestias excepturi sint occaecati cupiditate non
provident, similique sunt in culpa qui officia deserunt mollitia animi, id est laborum ET dolorum fuga.
Et harum quidem rerum facilis est ET expedita distinctio.
Nam libero tempore, cum soluta nobis est eligendi optio cumque nihil impedit quo minus id quod
maxime placeat facere possimus, omnis voluptas assumenda est, omnis dolor repellendus.
Temporibus autem quibusdam ET aut officiis debitis aut rerum necessitatibus saepe eveniET
ut ET voluptates repudiandae sint ET molestiae non recusandae.
Itaque earum rerum hic tenETur a sapiente delectus, ut aut reiciendis voluptatibus maiores
alias consequatur aut perferendis doloribus asperiores repellat
Lorem ipsum dolor sit amet, consectetur adipiscing elit, sed do eiusmod tempor incididunt ut labore et dolore magna aliqua.
Ut enim ad minim veniam, quis nostrud exercitation ullamco laboris nisi ut aliquip ex ea commodo consequat.
Duis aute irure dolor in reprehenderit in voluptate velit esse cillum dolore eu fugiat nulla pariatur.
Excepteur sint occaecat cupidatat non proident, sunt in culpa qui officia deserunt mollit anim id est laborum.
Clara@Clara MINGW64 ~/IH-Labs/lab-bash/lorem-copy (master)
$ head -3 sed.txt
Sed ut perspiciatis unde omnis iste natus error sit voluptatem accusantium doloremque laudantium,
totam rem aperiam, eaque ipsa quae ab illo inventore veritatis et quasi architecto beatae vitae dicta sunt explicabo.
Nemo enim ipsam voluptatem quia voluptas sit aspernatur aut odit aut fugit,

Clara@Clara MINGW64 ~/IH-Labs/lab-bash/lorem-copy (master)
$ tail -3 sed.txt
Ut enim ad minima veniam, quis nostrum exercitationem ullam corporis suscipit laboriosam,
nisi ut aliquid ex ea commodi consequatur? Quis autem vel eum iure reprehenderit qui in ea voluptate velit esse quam nihil molestiae consequatur,
vel illum qui dolorem eum fugiat quo voluptas nulla pariatur?Homo homini lupus

Clara@Clara MINGW64 ~/IH-Labs/lab-bash/lorem-copy (master)
$ echo "Homo homini lupus." >> sed.txt

Clara@Clara MINGW64 ~/IH-Labs/lab-bash/lorem-copy (master)
$ tail -3 sed.txt
vel illum qui dolorem eum fugiat quo voluptas nulla pariatur?Homo homini lupus
Homo homini lupus.

Clara@Clara MINGW64 ~/IH-Labs/lab-bash/lorem-copy (master)
$ tail -3 sed.txt
nisi ut aliquid ex ea commodi consequatur? Quis autem vel eum iure reprehenderit qui in ea voluptate velit esse quam nihil molestiae consequatur,
vel illum qui dolorem eum fugiat quo voluptas nulla pariatur?Homo homini lupus
Homo homini lupus.

Clara@Clara MINGW64 ~/IH-Labs/lab-bash/lorem-copy (master)
$ cd ../lorem

Clara@Clara MINGW64 ~/IH-Labs/lab-bash/lorem (master)
$ sed 's/et/ET/' at.txt
At vero eos ET accusamus ET iusto odio dignissimos ducimus qui blanditiis praesentium voluptatum
deleniti atque corrupti quos dolores ET quas molestias excepturi sint occaecati cupiditate non
provident, similique sunt in culpa qui officia deserunt mollitia animi, id est laborum ET dolorum fuga.
Et harum quidem rerum facilis est ET expedita distinctio.
Nam libero tempore, cum soluta nobis est eligendi optio cumque nihil impedit quo minus id quod
maxime placeat facere possimus, omnis voluptas assumenda est, omnis dolor repellendus.
Temporibus autem quibusdam ET aut officiis debitis aut rerum necessitatibus saepe eveniET
ut ET voluptates repudiandae sint ET molestiae non recusandae.
Itaque earum rerum hic tenETur a sapiente delectus, ut aut reiciendis voluptatibus maiores
alias consequatur aut perferendis doloribus asperiores repellat

Clara@Clara MINGW64 ~/IH-Labs/lab-bash/lorem (master)
$ cat sed.txt
Sed ut perspiciatis unde omnis iste natus error sit voluptatem accusantium doloremque laudantium,
totam rem aperiam, eaque ipsa quae ab illo inventore veritatis et quasi architecto beatae vitae dicta sunt explicabo.
Nemo enim ipsam voluptatem quia voluptas sit aspernatur aut odit aut fugit,
sed quia consequuntur magni dolores eos qui ratione voluptatem sequi nesciunt.
Neque porro quisquam est, qui dolorem ipsum quia dolor sit amet, consectetur, adipisci velit,
sed quia non numquam eius modi tempora incidunt ut labore et dolore magnam aliquam quaerat voluptatem.
Ut enim ad minima veniam, quis nostrum exercitationem ullam corporis suscipit laboriosam,
nisi ut aliquid ex ea commodi consequatur? Quis autem vel eum iure reprehenderit qui in ea voluptate velit esse quam nihil molestiae consequatur,
vel illum qui dolorem eum fugiat quo voluptas nulla pariatur?Homo homini lupus

Clara@Clara MINGW64 ~/IH-Labs/lab-bash/lorem (master)
$ whoami
Clara

Clara@Clara MINGW64 ~/IH-Labs/lab-bash/lorem (master)
$ pwd
/c/Users/herat/IH-Labs/lab-bash/lorem

Clara@Clara MINGW64 ~/IH-Labs/lab-bash (master)
$ ls *lorem
at.txt  at.txte  lorem-copy  lorem.txt  sed.txt

Clara@Clara MINGW64 ~/IH-Labs/lab-bash/lorem (master)
$ cat | wc -l sed.txt
9 sed.txt

Clara@Clara MINGW64 ~/IH-Labs/lab-bash (master)
$ find . -type f -name "lorem*" | wc -l
3

Clara@Clara MINGW64 ~/IH-Labs/lab-bash (master)
$ echo "what is your name..?";read name;echo "hello $name"
what is your name..?
Clara
hello Clara

Clara@Clara MINGW64 ~/IH-Labs/lab-bash (master)
$ echo $name
Clara

Clara@Clara MINGW64 ~/IH-Labs/lab-bash (master)
$ mkdir $name

Clara@Clara MINGW64 ~/IH-Labs/lab-bash (master)
$ ls
'Bash LABS'   Clara/   exercices/   inputs/   lorem/   lorem-copy/   outputs/   readme.md

Clara@Clara MINGW64 ~/IH-Labs/lab-bash (master)
$ rmdir $name

Clara@Clara MINGW64 ~/IH-Labs/lab-bash (master)
$ ls
'Bash LABS'   exercices/   inputs/   lorem/   lorem-copy/   outputs/   readme.md